Microchip MPLAB XC8 Compiler V3.10

Linker command line:

-W-3 \
  --edf=C:\Program Files\Microchip\xc8\v3.10\pic\dat\20250813170317_en.msgs \
  -cn -h+dist/default/production\Piclb_byNGOANKLEIN.X.production.sym \
  --cmf=dist/default/production\Piclb_byNGOANKLEIN.X.production.cmf -z \
  -Q16F887 -oC:\Users\DELL\AppData\Local\Temp\xcAs87w.0\driver_tmp_3.o \
  --defsym=__MPLAB_BUILD=1 --fixupoverflow=error \
  -Mdist/default/production/Piclb_byNGOANKLEIN.X.production.map \
  --md=C:\Users\DELL\AppData\Local\Temp\xcAs87w.0\driver_tmp_0.dat -E1 \
  -ver=XC8 Compiler -ACODE=00h-07FFhx4 -ASTRCODE=00h-01FFFh \
  -ASTRING=00h-0FFhx32 -ACONST=00h-0FFhx32 -AENTRY=00h-0FFhx32 \
  -ACOMMON=070h-07Fh -ABANK0=020h-06Fh -ABANK1=0A0h-0EFh \
  -ABANK2=0110h-016Fh -ABANK3=0190h-01EFh \
  -ARAM=020h-06Fh,0A0h-0EFh,0110h-016Fh,0190h-01EFh \
  -AABS1=020h-07Fh,0A0h-0EFh,0110h-016Fh,0190h-01EFh -ASFR0=00h-01Fh \
  -ASFR1=080h-09Fh -ASFR2=0100h-010Fh -ASFR3=0180h-018Fh \
  -ACONFIG=02007h-02008h -DCONFIG=2 -AIDLOC=02000h-02003h -DIDLOC=2 \
  -AEEDATA=00h-0FFh/02100h -peeprom_data=EEDATA -DEEDATA=2 -DCODE=2 \
  -DSTRCODE=2 -DSTRING=2 -DCONST=2 -DENTRY=2 \
  -preset_vec=00h,intentry,sivt,init,end_init -ppowerup=CODE -pcinit=CODE \
  -pfunctab=ENTRY -k \
  C:\Users\DELL\AppData\Local\Temp\xcAs87w.0\driver_tmp_12.o \
  dist/default/production\Piclb_byNGOANKLEIN.X.production.o 

Object code version is 3.11

Machine type is 16F887



                Name                               Link     Load   Length Selector   Space Scale
C:\Users\DELL\AppData\Local\Temp\xcAs87w.0\driver_tmp_12.o
                end_init                              0        0        3        0       0
                config                             2007     2007        2        0       4
dist/default/production\Piclb_byNGOANKLEIN.X.production.o
                cinit                               7C9      7C9       37      F92       0
                config                             2007     2007        2        0       4
                text20                              B43      B43       A2     1686       0
                text19                              9BF      9BF       27     137E       0
                text18                              487      487      342      90E       0
                text17                              237      237      250      46E       0
                text16                              977      977       24     12EE       0
                text15                              E3E      E3E      1C2     1C7C       0
                text14                                6        6        D        C       0
                text13                              99B      99B       24     1336       0
                text12                              A40      A40       76     1480       0
                text11                              AB6      AB6       8D     156C       0
                text10                               6D       6D      1CA       DA       0
                text9                               C96      C96       B4     192C       0
                text8                               D4A      D4A       F4     1A94       0
                text7                               929      929        7     1252       0
                text6                               930      930        7     1260       0
                text5                               962      962       15     12C4       0
                text4                               9E6      9E6       5A     13CC       0
                text3                               937      937        7     126E       0
                text2                               93E      93E        7     127C       0
                text1                                13       13       5A       26       0
                maintext                            BE5      BE5       B1     17CA       0
                cstackBANK0                          20       20       41       20       1
                cstackCOMMON                         70       70        E       70       1
                inittext                            94F      94F       13     129E       0
                dataBANK1                            AC       AC        A       A0       1
                bssBANK1                             A0       A0        C       A0       1
                dataBANK0                            69       69        4       20       1
                bssBANK0                             61       61        8       20       1
                idataBANK1                          945      945        A     128A       0
                idataBANK0                          925      925        4     124A       0

TOTAL           Name                               Link     Load   Length     Space
        CLASS   CODE           
                end_init                              0        0        3         0
                cinit                               7C9      7C9       37         0
                text20                              B43      B43       A2         0
                text19                              9BF      9BF       27         0
                text18                              487      487      342         0
                text17                              237      237      250         0
                text16                              977      977       24         0
                text15                              E3E      E3E      1C2         0
                text14                                6        6        D         0
                text13                              99B      99B       24         0
                text12                              A40      A40       76         0
                text11                              AB6      AB6       8D         0
                text10                               6D       6D      1CA         0
                text9                               C96      C96       B4         0
                text8                               D4A      D4A       F4         0
                text7                               929      929        7         0
                text6                               930      930        7         0
                text5                               962      962       15         0
                text4                               9E6      9E6       5A         0
                text3                               937      937        7         0
                text2                               93E      93E        7         0
                text1                                13       13       5A         0
                maintext                            BE5      BE5       B1         0
                inittext                            94F      94F       13         0
                idataBANK1                          945      945        A         0
                idataBANK0                          925      925        4         0

        CLASS   STRCODE        

        CLASS   STRING         

        CLASS   CONST          

        CLASS   ENTRY          

        CLASS   COMMON         
                cstackCOMMON                         70       70        E         1

        CLASS   BANK0          
                cstackBANK0                          20       20       41         1
                dataBANK0                            69       69        4         1
                bssBANK0                             61       61        8         1

        CLASS   BANK1          
                dataBANK1                            AC       AC        A         1
                bssBANK1                             A0       A0        C         1

        CLASS   BANK2          

        CLASS   BANK3          

        CLASS   RAM            

        CLASS   ABS1           
                abs_s1                               7E       7E        2         1

        CLASS   SFR0           

        CLASS   SFR1           

        CLASS   SFR2           

        CLASS   SFR3           

        CLASS   CONFIG         
                config                             2007     2007        2         4

        CLASS   IDLOC          

        CLASS   EEDATA         

        CLASS   HEAP           

        CLASS   STACK          



SEGMENTS        Name                           Load    Length   Top    Selector   Space  Class     Delta

                reset_vec                      000000  000003  000003         0       0  CODE        2
                text14                         000006  00000D  000013         C       0  CODE        2
                cstackBANK0                    000020  00004D  00006D        20       1  BANK0       1
                text1                          000013  00005A  00006D        26       0  CODE        2
                cstackCOMMON                   000070  00000E  00007E        70       1  COMMON      1
                bssBANK1                       0000A0  000016  0000B6        A0       1  BANK1       1
                text10                         00006D  0001CA  000237        DA       0  CODE        2
                text17                         000237  000250  000487       46E       0  CODE        2
                text18                         000487  000342  0007C9       90E       0  CODE        2
                cinit                          0007C9  000037  000800       F92       0  CODE        2
                idataBANK0                     000925  000004  000929      124A       0  CODE        2
                text7                          000929  000007  000930      1252       0  CODE        2
                text6                          000930  000007  000937      1260       0  CODE        2
                text3                          000937  000007  00093E      126E       0  CODE        2
                text2                          00093E  000007  000945      127C       0  CODE        2
                idataBANK1                     000945  00000A  00094F      128A       0  CODE        2
                inittext                       00094F  000013  000962      129E       0  CODE        2
                text5                          000962  000015  000977      12C4       0  CODE        2
                text16                         000977  000024  00099B      12EE       0  CODE        2
                text13                         00099B  000024  0009BF      1336       0  CODE        2
                text19                         0009BF  000027  0009E6      137E       0  CODE        2
                text4                          0009E6  00005A  000A40      13CC       0  CODE        2
                text12                         000A40  000076  000AB6      1480       0  CODE        2
                text11                         000AB6  00008D  000B43      156C       0  CODE        2
                text20                         000B43  0000A2  000BE5      1686       0  CODE        2
                maintext                       000BE5  0000B1  000C96      17CA       0  CODE        2
                text9                          000C96  0000B4  000D4A      192C       0  CODE        2
                text8                          000D4A  0000F4  000E3E      1A94       0  CODE        2
                text15                         000E3E  0001C2  001000      1C7C       0  CODE        2


UNUSED ADDRESS RANGES

        Name                Unused          Largest block    Delta
        BANK0            006D-006F              3           1
        BANK1            00B6-00EF             3A           1
        BANK2            0110-016F             60           1
        BANK3            0190-01EF             60           1
        CODE             0003-0005              3           2
                         0800-0924            125
                         1000-1FFF            800
        CONST            0003-0005              3           2
                         0800-0924            100
                         1000-1FFF            100
        EEDATA           2100-21FF            100           2
        ENTRY            0003-0005              3           2
                         0800-0924            100
                         1000-1FFF            100
        IDLOC            2000-2003              4           2
        RAM              006D-006F              3           1
                         00B6-00EF             3A
                         0110-016F             60
                         0190-01EF             60
        SFR0             0000-001F             20           1
        SFR1             0080-009F             20           1
        SFR2             0100-010F             10           1
        SFR3             0180-018F             10           1
        STRCODE          0003-0005              3           2
                         0800-0924            125
                         1000-1FFF           1000
        STRING           0003-0005              3           2
                         0800-0924            100
                         1000-1FFF            100

                                  Symbol Table

?_PID                            cstackBANK0  0051
?__Umul8_16                      cstackCOMMON 0070
?___fladd                        cstackBANK0  0035
?___fldiv                        cstackBANK0  0020
?___flmul                        cstackBANK0  0020
?___flneg                        cstackBANK0  0059
?___flsub                        cstackBANK0  0049
?___fltol                        cstackBANK0  0051
?___xxtofl                       cstackCOMMON 0070
?_cal_E                          cstackBANK0  003A
_ADCON0                          (abs)        001F
_ADCON1                          (abs)        009F
_ADRESH                          (abs)        001E
_ADRESL                          (abs)        009E
_ANSEL                           (abs)        0188
_ANSELH                          (abs)        0189
_CCP1CON                         (abs)        0017
_CCP2CON                         (abs)        001D
_CCPR1L                          (abs)        0015
_CCPR2L                          (abs)        001B
_D                               bssBANK1     00A4
_GO_DONE                         (abs)        00F9
_I                               bssBANK0     0061
_LEFT_DOWN                       text7        0929
_LEFT_UP                         text3        0937
_PID                             text15       0E3E
_PID$742                         cstackBANK0  0055
_PORTA                           (abs)        0005
_PORTC                           (abs)        0007
_PORTD                           (abs)        0008
_PR2                             (abs)        0092
_RA0                             (abs)        0028
_RA1                             (abs)        0029
_RA2                             (abs)        002A
_RA3                             (abs)        002B
_RC4                             (abs)        003C
_RC5                             (abs)        003D
_RC6                             (abs)        003E
_RC7                             (abs)        003F
_RIGHT_DOWN                      text2        093E
_RIGHT_UP                        text6        0930
_SENSOR_VALUE                    dataBANK1    00AC
_T2CON                           (abs)        0012
_TMR2                            (abs)        0011
_TMR2ON                          (abs)        0092
_TRISA                           (abs)        0085
_TRISC                           (abs)        0087
_TRISC1                          (abs)        0439
_TRISC2                          (abs)        043A
_TRISD                           (abs)        0088
__H__absolute__                  __absolute__ 0000
__Habs1                          abs1         0000
__Hbank0                         bank0        0000
__Hbank1                         bank1        0000
__Hbank2                         bank2        0000
__Hbank3                         bank3        0000
__HbssBANK0                      bssBANK0     0000
__HbssBANK1                      bssBANK1     0000
__Hcinit                         cinit        0800
__Hclrtext                       clrtext      0000
__Hcode                          code         0000
__Hcommon                        common       0000
__Hconfig                        config       2009
__HcstackBANK0                   cstackBANK0  0000
__HcstackCOMMON                  cstackCOMMON 0000
__HdataBANK0                     dataBANK0    0000
__HdataBANK1                     dataBANK1    0000
__Heeprom_data                   eeprom_data  0000
__Hend_init                      end_init     0003
__Hfunctab                       functab      0000
__Hheap                          heap         0000
__HidataBANK0                    idataBANK0   0000
__HidataBANK1                    idataBANK1   0000
__Hinit                          init         0000
__Hinittext                      inittext     0000
__Hintentry                      intentry     0000
__Hmaintext                      maintext     0000
__Hpowerup                       powerup      0000
__Hram                           ram          0000
__Hreset_vec                     reset_vec    0000
__Hsfr0                          sfr0         0000
__Hsfr1                          sfr1         0000
__Hsfr2                          sfr2         0000
__Hsfr3                          sfr3         0000
__Hsivt                          sivt         0000
__Hspace_0                       (abs)        1000
__Hspace_1                       (abs)        00B6
__Hspace_2                       (abs)        0000
__Hspace_3                       (abs)        0000
__Hspace_4                       (abs)        4010
__Hstack                         stack        0000
__Hstrings                       strings      0000
__Htext                          text         0000
__L__absolute__                  __absolute__ 0000
__Labs1                          abs1         0000
__Lbank0                         bank0        0000
__Lbank1                         bank1        0000
__Lbank2                         bank2        0000
__Lbank3                         bank3        0000
__LbssBANK0                      bssBANK0     0000
__LbssBANK1                      bssBANK1     0000
__Lcinit                         cinit        07C9
__Lclrtext                       clrtext      0000
__Lcode                          code         0000
__Lcommon                        common       0000
__Lconfig                        config       0000
__LcstackBANK0                   cstackBANK0  0000
__LcstackCOMMON                  cstackCOMMON 0000
__LdataBANK0                     dataBANK0    0000
__LdataBANK1                     dataBANK1    0000
__Leeprom_data                   eeprom_data  0000
__Lend_init                      end_init     0000
__Lfunctab                       functab      0000
__Lheap                          heap         0000
__LidataBANK0                    idataBANK0   0000
__LidataBANK1                    idataBANK1   0000
__Linit                          init         0000
__Linittext                      inittext     0000
__Lintentry                      intentry     0000
__Lmaintext                      maintext     0000
__Lpowerup                       powerup      0000
__Lram                           ram          0000
__Lreset_vec                     reset_vec    0000
__Lsfr0                          sfr0         0000
__Lsfr1                          sfr1         0000
__Lsfr2                          sfr2         0000
__Lsfr3                          sfr3         0000
__Lsivt                          sivt         0000
__Lspace_0                       (abs)        0000
__Lspace_1                       (abs)        0000
__Lspace_2                       (abs)        0000
__Lspace_3                       (abs)        0000
__Lspace_4                       (abs)        0000
__Lstack                         stack        0000
__Lstrings                       strings      0000
__Ltext                          text         0000
__S0                             (abs)        1000
__S1                             (abs)        00B6
__S3                             (abs)        0000
__Umul8_16                       text19       09BF
__Umul8_16@multiplicand          cstackCOMMON 0070
__Umul8_16@multiplier            cstackCOMMON 0078
__Umul8_16@product               cstackCOMMON 0074
__Umul8_16@word_mpld             cstackCOMMON 0076
___fladd                         text17       0237
___fladd@a                       cstackBANK0  0039
___fladd@aexp                    cstackBANK0  0046
___fladd@b                       cstackBANK0  0035
___fladd@bexp                    cstackBANK0  0047
___fladd@grs                     cstackBANK0  0048
___fladd@signs                   cstackBANK0  0045
___fldiv                         text10       006D
___fldiv@a                       cstackBANK0  0020
___fldiv@aexp                    cstackBANK0  0039
___fldiv@b                       cstackBANK0  0024
___fldiv@bexp                    cstackBANK0  0038
___fldiv@grs                     cstackBANK0  0034
___fldiv@new_exp                 cstackBANK0  0032
___fldiv@rem                     cstackBANK0  002D
___fldiv@sign                    cstackBANK0  0031
___flge                          text20       0B43
___flge@ff1                      cstackCOMMON 0070
___flge@ff2                      cstackCOMMON 0074
___flmul                         text18       0487
___flmul@a                       cstackBANK0  0024
___flmul@aexp                    cstackBANK0  002D
___flmul@b                       cstackBANK0  0020
___flmul@bexp                    cstackBANK0  002E
___flmul@grs                     cstackBANK0  0029
___flmul@prod                    cstackBANK0  002F
___flmul@sign                    cstackBANK0  0028
___flmul@temp                    cstackBANK0  0033
___flneg                         text14       0006
___flneg@f1                      cstackBANK0  0059
___flsub                         text16       0977
___flsub@a                       cstackBANK0  0049
___flsub@b                       cstackBANK0  004D
___fltol                         text12       0A40
___fltol@exp1                    cstackBANK0  005A
___fltol@f1                      cstackBANK0  0051
___fltol@sign1                   cstackBANK0  0059
___heap_hi                       (abs)        0000
___heap_lo                       (abs)        0000
___int_sp                        stack        0000
___int_stack_hi                  stack        0000
___int_stack_lo                  stack        0000
___latbits                       (abs)        0002
___sp                            stack        0000
___stack_hi                      stack        0000
___stack_lo                      stack        0000
___stackhi                       (abs)        0000
___stacklo                       (abs)        0000
___xxtofl                        text9        0C96
___xxtofl@arg                    cstackCOMMON 007A
___xxtofl@exp                    cstackCOMMON 0079
___xxtofl@sign                   cstackCOMMON 0078
___xxtofl@val                    cstackCOMMON 0070
__end_of_LEFT_DOWN               text7        0930
__end_of_LEFT_UP                 text3        093E
__end_of_PID                     text15       1000
__end_of_RIGHT_DOWN              text2        0945
__end_of_RIGHT_UP                text6        0937
__end_of__Umul8_16               text19       09E6
__end_of___fladd                 text17       0487
__end_of___fldiv                 text10       0237
__end_of___flge                  text20       0BE5
__end_of___flmul                 text18       07C9
__end_of___flneg                 text14       0013
__end_of___flsub                 text16       099B
__end_of___fltol                 text12       0AB6
__end_of___xxtofl                text9        0D4A
__end_of__initialization         cinit        07FC
__end_of_analogWrite_8bits       text5        0977
__end_of_analogWrite_8bits_init  text13       09BF
__end_of_caculate                text11       0B43
__end_of_cal_E                   text8        0E3E
__end_of_main                    maintext     0C96
__end_of_turnLeft                text4        0A40
__end_of_turnRight               text1        006D
__initialization                 cinit        07C9
__pbssBANK0                      bssBANK0     0061
__pbssBANK1                      bssBANK1     00A0
__pcstackBANK0                   cstackBANK0  0020
__pcstackCOMMON                  cstackCOMMON 0070
__pdataBANK0                     dataBANK0    0069
__pdataBANK1                     dataBANK1    00AC
__pidataBANK0                    idataBANK0   0925
__pidataBANK1                    idataBANK1   0945
__pmaintext                      maintext     0BE5
__ptext1                         text1        0013
__ptext10                        text10       006D
__ptext11                        text11       0AB6
__ptext12                        text12       0A40
__ptext13                        text13       099B
__ptext14                        text14       0006
__ptext15                        text15       0E3E
__ptext16                        text16       0977
__ptext17                        text17       0237
__ptext18                        text18       0487
__ptext19                        text19       09BF
__ptext2                         text2        093E
__ptext20                        text20       0B43
__ptext3                         text3        0937
__ptext4                         text4        09E6
__ptext5                         text5        0962
__ptext6                         text6        0930
__ptext7                         text7        0929
__ptext8                         text8        0D4A
__ptext9                         text9        0C96
_analogWrite_8bits               text5        0962
_analogWrite_8bits_init          text13       099B
_caculate                        text11       0AB6
_cal_E                           text8        0D4A
_error                           bssBANK0     0065
_left                            dataBANK0    006B
_main                            maintext     0BE5
_out                             bssBANK1     00A0
_pr_error                        bssBANK1     00A8
_right                           dataBANK0    0069
_turnLeft                        text4        09E6
_turnRight                       text1        0013
analogWrite_8bits@pin            cstackCOMMON 0071
analogWrite_8bits@pw             cstackCOMMON 0070
analogWrite_8bits_init@frequency cstackCOMMON 0070
analogWrite_8bits_init@pin       cstackCOMMON 0071
btemp                            (abs)        007E
btemp0                           (abs)        007E
btemp1                           (abs)        007F
caculate@out                     cstackBANK0  005B
cal_E@count                      cstackBANK0  0043
cal_E@i                          cstackBANK0  0045
cal_E@w                          cstackBANK0  0041
end_of_initialization            cinit        07FC
init_fetch0                      inittext     094F
init_ram0                        inittext     0953
intlevel0                        functab      0000
intlevel1                        functab      0000
intlevel2                        functab      0000
intlevel3                        functab      0000
intlevel4                        functab      0000
intlevel5                        functab      0000
ltemp0a                          (abs)        0080
reset_vec                        reset_vec    0000
start                            init         0000
start_initialization             cinit        07C9
ttemp0a                          (abs)        007F
turnLeft@il                      cstackBANK0  0020
turnRight@il                     cstackBANK0  0020
wtemp0                           (abs)        007E
wtemp0a                          (abs)        007F


MODULE INFORMATION

Module		Function		Class		Link	Load	Size
C:\Program Files\Microchip\xc8\v3.10\pic\sources\c99\common\flge.c
		___flge        		CODE           	0B43	0000	162

C:\Program Files\Microchip\xc8\v3.10\pic\sources\c99\common\flge.c estimated size: 162

C:\Program Files\Microchip\xc8\v3.10\pic\sources\c99\common\fltol.c
		___fltol       		CODE           	0A40	0000	118

C:\Program Files\Microchip\xc8\v3.10\pic\sources\c99\common\fltol.c estimated size: 118

C:\Program Files\Microchip\xc8\v3.10\pic\sources\c99\common\sprcmul.c
		___flmul       		CODE           	0487	0000	834

C:\Program Files\Microchip\xc8\v3.10\pic\sources\c99\common\sprcmul.c estimated size: 834

C:\Program Files\Microchip\xc8\v3.10\pic\sources\c99\common\Umul8_16.c
		__Umul8_16     		CODE           	09BF	0000	39

C:\Program Files\Microchip\xc8\v3.10\pic\sources\c99\common\Umul8_16.c estimated size: 39

C:\Program Files\Microchip\xc8\v3.10\pic\sources\c99\common\xxtofl.c
		___xxtofl      		CODE           	0C96	0000	180

C:\Program Files\Microchip\xc8\v3.10\pic\sources\c99\common\xxtofl.c estimated size: 180

C:\Program Files\Microchip\xc8\v3.10\pic\sources\c99\common\sprcdiv.c
		___fldiv       		CODE           	006D	0000	458

C:\Program Files\Microchip\xc8\v3.10\pic\sources\c99\common\sprcdiv.c estimated size: 458

shared
		__initialization		CODE           	07C9	0000	51

shared estimated size: 51

analogWrite.c
		_analogWrite_8bits_init		CODE           	099B	0000	36
		_analogWrite_8bits		CODE           	0962	0000	21

analogWrite.c estimated size: 57

C:\Program Files\Microchip\xc8\v3.10\pic\sources\c99\common\flneg.c
		___flneg       		CODE           	0006	0000	13

C:\Program Files\Microchip\xc8\v3.10\pic\sources\c99\common\flneg.c estimated size: 13

main.c
		_turnLeft      		CODE           	09E6	0000	90
		_LEFT_UP       		CODE           	0937	0000	7
		_turnRight     		CODE           	0013	0000	90
		_caculate      		CODE           	0AB6	0000	141
		_main          		CODE           	0BE5	0000	177
		_RIGHT_UP      		CODE           	0930	0000	7
		_PID           		CODE           	0E3E	0000	450
		_RIGHT_DOWN    		CODE           	093E	0000	7
		_LEFT_DOWN     		CODE           	0929	0000	7
		_cal_E         		CODE           	0D4A	0000	244

main.c estimated size: 1220

C:\Program Files\Microchip\xc8\v3.10\pic\sources\c99\common\sprcadd.c
		___flsub       		CODE           	0977	0000	36
		___fladd       		CODE           	0237	0000	592

C:\Program Files\Microchip\xc8\v3.10\pic\sources\c99\common\sprcadd.c estimated size: 628

